Python executable: C:\Users\becha\OneDrive\Documents\code\lab-vux\.venv\Scripts\python.exe
Spacy version: 3.8.11
Loading blank model 'pt'...
Blank model loaded successfully.
Loading 'pt_core_news_lg' with all components disabled...
Disabled model loaded successfully.
Loading 'pt_core_news_lg' full...
Full model loaded successfully.
